// Jest Snapshot v1, https://goo.gl/fbAQLP

exports[`renders correctly 1`] = `
<View
  accessible={true}
  isTVSelectable={true}
  onResponderGrant={[Function]}
  onResponderMove={[Function]}
  onResponderRelease={[Function]}
  onResponderTerminate={[Function]}
  onResponderTerminationRequest={[Function]}
  onStartShouldSetResponder={[Function]}
  style={null}
>
  <View
    onPress={[Function]}
    style={
      Object {
        "alignItems": "center",
        "backgroundColor": "transparent",
        "borderBottomWidth": 0.5,
        "borderColor": "#c9c9c9",
        "flexDirection": "row",
        "marginLeft": 16,
        "paddingBottom": 13,
        "paddingRight": 16,
        "paddingTop": 13,
      }
    }
  >
    <View
      accessible={true}
      isTVSelectable={true}
      onResponderGrant={[Function]}
      onResponderMove={[Function]}
      onResponderRelease={[Function]}
      onResponderTerminate={[Function]}
      onResponderTerminationRequest={[Function]}
      onStartShouldSetResponder={[Function]}
      style={
        Object {
          "backgroundColor": "transparent",
          "borderBottomWidth": 1,
          "borderColor": "#039BE5",
          "borderLeftWidth": 1,
          "borderRadius": 13,
          "borderRightWidth": 1,
          "borderTopWidth": 1,
          "height": 20,
          "left": 10,
          "marginLeft": -10,
          "marginRight": 10,
          "opacity": 1,
          "overflow": "hidden",
          "paddingBottom": 0,
          "paddingLeft": 3,
          "width": 20,
        }
      }
    >
      <Text
        accessible={true}
        allowFontScaling={true}
        ellipsizeMode="tail"
      />
    </View>
    <View
      style={
        Object {
          "alignItems": null,
          "alignSelf": null,
          "flex": 1,
        }
      }
    >
      <Text
        accessible={true}
        allowFontScaling={true}
        ellipsizeMode="tail"
        style={
          Object {
            "color": "#000",
            "fontFamily": "System",
            "fontSize": 16,
            "marginLeft": 10,
            "marginRight": 10,
          }
        }
        uppercase={false}
      >
         
         
      </Text>
    </View>
  </View>
</View>
`;
